BRIAGE:: 'PROPERTY': MainObject to find = 1_1000_BiDuLe
BRIAGE:: 'PROPERTY':  MainObject found = 1_1000_BiDuLe
BRIAGE:: 'INFO':  Generating groups...
BRIAGE:: 'INFO':  object '#sb_SnapInOut1' has been processed as Snap Point

 ------------------ Groups list -----------------
+--- 3 groups ---
|
+--> 1_1000_BiDuLe (kw: None)
|         type: MSH
|  [ included objects:                ]
|  [ 1_1000_BiDuLe                    ]
|  |  
|  +--> #sb_SnapInOut1 (kw: None)
|  |         type: SPT
|  |  [ included objects:                ]
|  |  [ #sb_SnapInOut1                   ]
|  |  
|  
|
+--> 1_1000_BiDuLe.001 (kw: None)
|         type: MSH
|  [ included objects:                ]
|  [ 1_1000_BiDuLe.001                ]
|  
|
BRIAGE:: 'INFO':  Converting bones & armatures...
BRIAGE:: 'INFO':  Converting Materials...
BRIAGE:: 'INFO':  Converting Meshes and items...
BRIAGE:: 'INFO':  '#sb_SnapInOut1' computed as snap point: 'sb_SnapInOut1'
BRIAGE:: 'INFO':  Converting textures...
BRIAGE:: 'INFO':  Writing header...
BRIAGE:: 'INFO':  Updating offsets...
BRIAGE:: 'INFO':  Writing to materials file...
================================================================================
				   ___    ___    ___    ___    ___    ___   
				  | _ )  | _ \  |_ _|  /   \  / __|  | __|  
				  | _ \  |   /   | |   | - | | (_ |  | _|   
				  |___/  |_|_\  |___|  |_|_|  \___|  |___|  
				_|"""""_|"""""_|"""""_|"""""_|"""""_|"""""| 
				"`-0-0-"`-0-0-"`-0-0-"`-0-0-"`-0-0-"`-0-0-' 
BRIAGE V3.1.230
  IGSE V3.0.117 - IAE V3.1.116
  IGSI V1.0.123 - IAI V1.0.111 

================================================================================
================================================================================
IG file header information (0)
--------------------------------------------------------------------------------
MagicId                       : 'KIGF'
Version                       : 151
Descriptor                    : 'SHAPE'
CommentField                  : 'Blender 3.0.0 - IGSE V3.0.117'
DataStart                     : 0
ObjectCount                   : 2
ObjectListStartOffset         : 12112
MeshCount                     : 2
MeshListStartOffset           : 11800
BoneCount                     : 0
BoneListStartOffset           : 0 NULL ==> None
MaterialCount                 : 2
MaterialListStartOffset       : 216
LightCount                    : 0
LightListStartOffset          : 0 NULL ==> None
AmbientColor -------------------.
  Red                           : 1.000000
  Green                         : 1.000000
  Blue                          : 1.000000
  Alpha                         : 1.000000
SplineCount                   : 0
SplineListStartOffset         : 0 NULL ==> None
GenericItemCount              : 1
GenericItemListStartOffset    : 12632
ExtraData ----------------------. 
  DataBlockCount                : 1
  DataBlockStartOffset          : 0
  Pad0                          : ''
  Pad1                          : [ 0 ,  0 ]
ExtraDataBlockListStartOffset : 12852
================================================================================
IGfMaterials                  : [ 2 ]
--------------------------------------------------------------------------------
IGfMaterials [ 1 / 2 ] (216) : 'truc'
------------------------------.
Name                          : 'truc'
ShaderName                    : 'TrainBlend.fx'
RenderStageCount              : 1
RenderStage0 -------------------.
  TextureNameStartOffset        : 1
  Padding                       : ''
  UVChannelIndex                : 0
  FilterMode                    : 3
  UVOperation                   : 0
  UVWrapU                       : 0
  UVWrapV                       : 0
  MipLODBias                    : 0.000000
  AnimateUVs                    : 0
  NumFrames                     : 1
  FPS                           : 25
  ScrollUVs                     : 0
  ScrollU                       : 0.000000
  ScrollV                       : 1.000000
  UVArguments                   : [0.000000,0.000000,0.000000,0.000000,0.000000,0.000000]
NeverOccludeFlag              : 0
SortPriority                  : 0
ZBias                         : 0
AlphaTestMode                 : 0
AdditiveAlphaStrength         : 0
ZBufferMode                   : 3
BackfaceCull                  : 0
TwoSided                      : 1
ViewFacing                  : 0
VisibleDistanceMod            : 0
SurfaceTypeName               : ''
UseLightGlowFlag              : 0
UsePulseGlowFlag              : 0
LightGlowTypeName             : ''
PulseGlowConfig ----------------.
  TargColor ----------------------.
    Red                           : 0.780000
    Green                         : 0.780000
    Blue                          : 1.000000
    Alpha                         : 1.000000
  Mode						  :  0
  Phase						 :  0.0
  Period						:  5
  Amplitude					 :  1
  RptTimeMin					:  1.0
  RptTimeMax					:  5.0
  ExeTimeMin					:  1.0
  ExeTimeMax					: 5.0
  ActivationTime				: 0.0
  SeqMode					   : 
  VertexModify				  : 0
UnfoggableFlag                : 0
Force32BitFlag                : 0
AmbientColor -------------------.
    Red                           : 0.000000
    Green                         : 0.000000
    Blue                          : 0.000000
    Alpha                         : 1.000000
DiffuseColor -------------------.
    Red                           : 1.000000
    Green                         : 1.000000
    Blue                          : 1.000000
    Alpha                         : 1.000000
EmissiveColor -------------------.
    Red                           : 0.000000
    Green                         : 0.000000
    Blue                          : 0.000000
    Alpha                         : 0.000000
EmissiveStrength              :  0.000000
SpecularColor ------------------.
    Red                           : 1.000000
    Green                         : 1.000000
    Blue                          : 1.000000
    Alpha                         : 1.000000
SpecularPower                 : 3.000000
LightMapCastShadows           : 1
LightMapGenerateShadows       : 1
LightMapKeepVertexColours     : 0
LightMapTexelsPerMetre        : 0.000000
MaterialComment               : ''
ExtraData ------------------ NULL
--------------------------------------------------------------------------------
IGfMaterials [ 2 / 2 ] (2004) : 'trucVF'
------------------------------.
Name                          : 'trucVF'
ShaderName                    : 'AddATex'
RenderStageCount              : 1
RenderStage0 -------------------.
  TextureNameStartOffset        : 2
  Padding                       : ''
  UVChannelIndex                : 0
  FilterMode                    : 3
  UVOperation                   : 0
  UVWrapU                       : 0
  UVWrapV                       : 0
  MipLODBias                    : 0.000000
  AnimateUVs                    : 0
  NumFrames                     : 1
  FPS                           : 25
  ScrollUVs                     : 0
  ScrollU                       : 0.000000
  ScrollV                       : 1.000000
  UVArguments                   : [0.000000,0.000000,0.000000,0.000000,0.000000,0.000000]
NeverOccludeFlag              : 0
SortPriority                  : 0
ZBias                         : 0
AlphaTestMode                 : 0
AdditiveAlphaStrength         : 0
ZBufferMode                   : 3
BackfaceCull                  : 0
TwoSided                      : 0
ViewFacing                  : 1
VisibleDistanceMod            : 0
SurfaceTypeName               : ''
UseLightGlowFlag              : 0
UsePulseGlowFlag              : 0
LightGlowTypeName             : ''
PulseGlowConfig ----------------.
  TargColor ----------------------.
    Red                           : 0.780000
    Green                         : 0.780000
    Blue                          : 1.000000
    Alpha                         : 1.000000
  Mode						  :  0
  Phase						 :  0.0
  Period						:  5
  Amplitude					 :  1
  RptTimeMin					:  1.0
  RptTimeMax					:  5.0
  ExeTimeMin					:  1.0
  ExeTimeMax					: 5.0
  ActivationTime				: 0.0
  SeqMode					   : 
  VertexModify				  : 0
UnfoggableFlag                : 0
Force32BitFlag                : 0
AmbientColor -------------------.
    Red                           : 0.000000
    Green                         : 0.000000
    Blue                          : 0.000000
    Alpha                         : 1.000000
DiffuseColor -------------------.
    Red                           : 1.000000
    Green                         : 1.000000
    Blue                          : 1.000000
    Alpha                         : 1.000000
EmissiveColor -------------------.
    Red                           : 0.000000
    Green                         : 0.000000
    Blue                          : 0.000000
    Alpha                         : 1.000000
EmissiveStrength              :  0.000000
SpecularColor ------------------.
    Red                           : 1.000000
    Green                         : 1.000000
    Blue                          : 1.000000
    Alpha                         : 1.000000
SpecularPower                 : 3.000000
LightMapCastShadows           : 1
LightMapGenerateShadows       : 1
LightMapKeepVertexColours     : 0
LightMapTexelsPerMetre        : 0.000000
MaterialComment               : ''
ExtraData ------------------ NULL
================================================================================
IGfVerts                      : [ 28 ]
--------------------------------------------------------------------------------
IGfVerts [ 1 / 28 ] (3792)
------------------------------.
Point --------------------------.
   -1.000000, 1.000000, -1.000000, 1.000000
Normal -------------------------.
   -1.000000, -0.000000, 0.000000, 1.000000
ValidUVsCount                 : 1
UV00 ---------------------------.
  U                             : 1.0
  V                             : 0.0
Color --------------------------.
    Red                           : 1.000000
    Green                         : 0.274510
    Blue                          : 0.835294
    Alpha                         : 1.000000
MaterialStartOffset           : 216
BoneCount                     : 0
Reserved                      : 0
ExtraData ------------------ NULL
--------------------------------------------------------------------------------
IGfVerts [ 2 / 28 ] (4032)
------------------------------.
Point --------------------------.
   -1.000000, 1.000000, 1.000000, 1.000000
Normal -------------------------.
   -1.000000, -0.000000, 0.000000, 1.000000
ValidUVsCount                 : 1
UV00 ---------------------------.
  U                             : 0.0
  V                             : 0.0
Color --------------------------.
    Red                           : 1.000000
    Green                         : 0.231373
    Blue                          : 0.831373
    Alpha                         : 1.000000
MaterialStartOffset           : 216
BoneCount                     : 0
Reserved                      : 1
ExtraData ------------------ NULL
--------------------------------------------------------------------------------
IGfVerts [ 3 / 28 ] (4272)
------------------------------.
Point --------------------------.
   -1.000000, -1.000000, 1.000000, 1.000000
Normal -------------------------.
   -1.000000, -0.000000, 0.000000, 1.000000
ValidUVsCount                 : 1
UV00 ---------------------------.
  U                             : 0.0
  V                             : 1.0
Color --------------------------.
    Red                           : 1.000000
    Green                         : 0.180392
    Blue                          : 0.819608
    Alpha                         : 1.000000
MaterialStartOffset           : 216
BoneCount                     : 0
Reserved                      : 2
ExtraData ------------------ NULL
--------------------------------------------------------------------------------
IGfVerts [ 4 / 28 ] (4512)
------------------------------.
Point --------------------------.
   -1.000000, -1.000000, -1.000000, 1.000000
Normal -------------------------.
   -1.000000, -0.000000, 0.000000, 1.000000
ValidUVsCount                 : 1
UV00 ---------------------------.
  U                             : 1.0
  V                             : 1.0
Color --------------------------.
    Red                           : 1.000000
    Green                         : 0.207843
    Blue                          : 0.823529
    Alpha                         : 1.000000
MaterialStartOffset           : 216
BoneCount                     : 0
Reserved                      : 3
ExtraData ------------------ NULL
--------------------------------------------------------------------------------
IGfVerts [ 5 / 28 ] (4752)
------------------------------.
Point --------------------------.
   -1.000000, 1.000000, 1.000000, 1.000000
Normal -------------------------.
   0.000000, -0.000000, 1.000000, 1.000000
ValidUVsCount                 : 1
UV00 ---------------------------.
  U                             : 1.0
  V                             : 0.0
Color --------------------------.
    Red                           : 1.000000
    Green                         : 0.231373
    Blue                          : 0.831373
    Alpha                         : 1.000000
MaterialStartOffset           : 216
BoneCount                     : 0
Reserved                      : 4
ExtraData ------------------ NULL
--------------------------------------------------------------------------------
IGfVerts [ 6 / 28 ] (4992)
------------------------------.
Point --------------------------.
   1.000000, 1.000000, 1.000000, 1.000000
Normal -------------------------.
   0.000000, -0.000000, 1.000000, 1.000000
ValidUVsCount                 : 1
UV00 ---------------------------.
  U                             : 0.0
  V                             : 0.0
Color --------------------------.
    Red                           : 1.000000
    Green                         : 0.196078
    Blue                          : 0.823529
    Alpha                         : 1.000000
MaterialStartOffset           : 216
BoneCount                     : 0
Reserved                      : 5
ExtraData ------------------ NULL
--------------------------------------------------------------------------------
IGfVerts [ 7 / 28 ] (5232)
------------------------------.
Point --------------------------.
   1.000000, -1.000000, 1.000000, 1.000000
Normal -------------------------.
   0.000000, -0.000000, 1.000000, 1.000000
ValidUVsCount                 : 1
UV00 ---------------------------.
  U                             : 0.0
  V                             : 1.0
Color --------------------------.
    Red                           : 1.000000
    Green                         : 0.168627
    Blue                          : 0.815686
    Alpha                         : 1.000000
MaterialStartOffset           : 216
BoneCount                     : 0
Reserved                      : 6
ExtraData ------------------ NULL
--------------------------------------------------------------------------------
IGfVerts [ 8 / 28 ] (5472)
------------------------------.
Point --------------------------.
   -1.000000, -1.000000, 1.000000, 1.000000
Normal -------------------------.
   0.000000, -0.000000, 1.000000, 1.000000
ValidUVsCount                 : 1
UV00 ---------------------------.
  U                             : 1.0
  V                             : 1.0
Color --------------------------.
    Red                           : 1.000000
    Green                         : 0.180392
    Blue                          : 0.819608
    Alpha                         : 1.000000
MaterialStartOffset           : 216
BoneCount                     : 0
Reserved                      : 7
ExtraData ------------------ NULL
--------------------------------------------------------------------------------
IGfVerts [ 9 / 28 ] (5712)
------------------------------.
Point --------------------------.
   1.000000, 1.000000, 1.000000, 1.000000
Normal -------------------------.
   1.000000, -0.000000, 0.000000, 1.000000
ValidUVsCount                 : 1
UV00 ---------------------------.
  U                             : 1.0
  V                             : 0.0
Color --------------------------.
    Red                           : 0.309804
    Green                         : 1.000000
    Blue                          : 0.654902
    Alpha                         : 1.000000
MaterialStartOffset           : 216
BoneCount                     : 0
Reserved                      : 8
ExtraData ------------------ NULL
--------------------------------------------------------------------------------
IGfVerts [ 10 / 28 ] (5952)
------------------------------.
Point --------------------------.
   1.000000, 1.000000, -1.000000, 1.000000
Normal -------------------------.
   1.000000, -0.000000, 0.000000, 1.000000
ValidUVsCount                 : 1
UV00 ---------------------------.
  U                             : 0.0
  V                             : 0.0
Color --------------------------.
    Red                           : 0.309804
    Green                         : 1.000000
    Blue                          : 0.654902
    Alpha                         : 1.000000
MaterialStartOffset           : 216
BoneCount                     : 0
Reserved                      : 9
ExtraData ------------------ NULL
--------------------------------------------------------------------------------
IGfVerts [ 11 / 28 ] (6192)
------------------------------.
Point --------------------------.
   1.000000, -1.000000, -1.000000, 1.000000
Normal -------------------------.
   1.000000, -0.000000, 0.000000, 1.000000
ValidUVsCount                 : 1
UV00 ---------------------------.
  U                             : 0.0
  V                             : 1.0
Color --------------------------.
    Red                           : 0.309804
    Green                         : 1.000000
    Blue                          : 0.654902
    Alpha                         : 1.000000
MaterialStartOffset           : 216
BoneCount                     : 0
Reserved                      : 10
ExtraData ------------------ NULL
--------------------------------------------------------------------------------
IGfVerts [ 12 / 28 ] (6432)
------------------------------.
Point --------------------------.
   1.000000, -1.000000, 1.000000, 1.000000
Normal -------------------------.
   1.000000, -0.000000, 0.000000, 1.000000
ValidUVsCount                 : 1
UV00 ---------------------------.
  U                             : 1.0
  V                             : 1.0
Color --------------------------.
    Red                           : 0.309804
    Green                         : 1.000000
    Blue                          : 0.654902
    Alpha                         : 1.000000
MaterialStartOffset           : 216
BoneCount                     : 0
Reserved                      : 11
ExtraData ------------------ NULL
--------------------------------------------------------------------------------
IGfVerts [ 13 / 28 ] (6672)
------------------------------.
Point --------------------------.
   1.000000, 1.000000, -1.000000, 1.000000
Normal -------------------------.
   0.000000, -0.000000, -1.000000, 1.000000
ValidUVsCount                 : 1
UV00 ---------------------------.
  U                             : 1.0
  V                             : 0.0
Color --------------------------.
    Red                           : 0.309804
    Green                         : 1.000000
    Blue                          : 0.654902
    Alpha                         : 1.000000
MaterialStartOffset           : 216
BoneCount                     : 0
Reserved                      : 12
ExtraData ------------------ NULL
--------------------------------------------------------------------------------
IGfVerts [ 14 / 28 ] (6912)
------------------------------.
Point --------------------------.
   -1.000000, 1.000000, -1.000000, 1.000000
Normal -------------------------.
   0.000000, -0.000000, -1.000000, 1.000000
ValidUVsCount                 : 1
UV00 ---------------------------.
  U                             : 0.0
  V                             : 0.0
Color --------------------------.
    Red                           : 0.325490
    Green                         : 1.000000
    Blue                          : 0.658824
    Alpha                         : 1.000000
MaterialStartOffset           : 216
BoneCount                     : 0
Reserved                      : 13
ExtraData ------------------ NULL
--------------------------------------------------------------------------------
IGfVerts [ 15 / 28 ] (7152)
------------------------------.
Point --------------------------.
   -1.000000, -1.000000, -1.000000, 1.000000
Normal -------------------------.
   0.000000, -0.000000, -1.000000, 1.000000
ValidUVsCount                 : 1
UV00 ---------------------------.
  U                             : 0.0
  V                             : 1.0
Color --------------------------.
    Red                           : 0.333333
    Green                         : 1.000000
    Blue                          : 0.666667
    Alpha                         : 1.000000
MaterialStartOffset           : 216
BoneCount                     : 0
Reserved                      : 14
ExtraData ------------------ NULL
--------------------------------------------------------------------------------
IGfVerts [ 16 / 28 ] (7392)
------------------------------.
Point --------------------------.
   1.000000, -1.000000, -1.000000, 1.000000
Normal -------------------------.
   0.000000, -0.000000, -1.000000, 1.000000
ValidUVsCount                 : 1
UV00 ---------------------------.
  U                             : 1.0
  V                             : 1.0
Color --------------------------.
    Red                           : 0.309804
    Green                         : 1.000000
    Blue                          : 0.654902
    Alpha                         : 1.000000
MaterialStartOffset           : 216
BoneCount                     : 0
Reserved                      : 15
ExtraData ------------------ NULL
--------------------------------------------------------------------------------
IGfVerts [ 17 / 28 ] (7632)
------------------------------.
Point --------------------------.
   -1.000000, -1.000000, -1.000000, 1.000000
Normal -------------------------.
   0.000000, -1.000000, 0.000000, 1.000000
ValidUVsCount                 : 1
UV00 ---------------------------.
  U                             : 1.0
  V                             : 0.0
Color --------------------------.
    Red                           : 1.000000
    Green                         : 0.207843
    Blue                          : 0.823529
    Alpha                         : 1.000000
MaterialStartOffset           : 216
BoneCount                     : 0
Reserved                      : 16
ExtraData ------------------ NULL
--------------------------------------------------------------------------------
IGfVerts [ 18 / 28 ] (7872)
------------------------------.
Point --------------------------.
   -1.000000, -1.000000, 1.000000, 1.000000
Normal -------------------------.
   0.000000, -1.000000, 0.000000, 1.000000
ValidUVsCount                 : 1
UV00 ---------------------------.
  U                             : 0.0
  V                             : 0.0
Color --------------------------.
    Red                           : 1.000000
    Green                         : 0.180392
    Blue                          : 0.819608
    Alpha                         : 1.000000
MaterialStartOffset           : 216
BoneCount                     : 0
Reserved                      : 17
ExtraData ------------------ NULL
--------------------------------------------------------------------------------
IGfVerts [ 19 / 28 ] (8112)
------------------------------.
Point --------------------------.
   1.000000, -1.000000, 1.000000, 1.000000
Normal -------------------------.
   0.000000, -1.000000, 0.000000, 1.000000
ValidUVsCount                 : 1
UV00 ---------------------------.
  U                             : 0.0
  V                             : 1.0
Color --------------------------.
    Red                           : 1.000000
    Green                         : 0.168627
    Blue                          : 0.815686
    Alpha                         : 1.000000
MaterialStartOffset           : 216
BoneCount                     : 0
Reserved                      : 18
ExtraData ------------------ NULL
--------------------------------------------------------------------------------
IGfVerts [ 20 / 28 ] (8352)
------------------------------.
Point --------------------------.
   1.000000, -1.000000, -1.000000, 1.000000
Normal -------------------------.
   0.000000, -1.000000, 0.000000, 1.000000
ValidUVsCount                 : 1
UV00 ---------------------------.
  U                             : 1.0
  V                             : 1.0
Color --------------------------.
    Red                           : 1.000000
    Green                         : 0.239216
    Blue                          : 0.831373
    Alpha                         : 1.000000
MaterialStartOffset           : 216
BoneCount                     : 0
Reserved                      : 19
ExtraData ------------------ NULL
--------------------------------------------------------------------------------
IGfVerts [ 21 / 28 ] (8592)
------------------------------.
Point --------------------------.
   1.000000, 1.000000, -1.000000, 1.000000
Normal -------------------------.
   0.000000, 1.000000, 0.000000, 1.000000
ValidUVsCount                 : 1
UV00 ---------------------------.
  U                             : 1.0
  V                             : 0.0
Color --------------------------.
    Red                           : 0.309804
    Green                         : 1.000000
    Blue                          : 0.654902
    Alpha                         : 1.000000
MaterialStartOffset           : 216
BoneCount                     : 0
Reserved                      : 20
ExtraData ------------------ NULL
--------------------------------------------------------------------------------
IGfVerts [ 22 / 28 ] (8832)
------------------------------.
Point --------------------------.
   1.000000, 1.000000, 1.000000, 1.000000
Normal -------------------------.
   0.000000, 1.000000, 0.000000, 1.000000
ValidUVsCount                 : 1
UV00 ---------------------------.
  U                             : 0.0
  V                             : 0.0
Color --------------------------.
    Red                           : 0.309804
    Green                         : 1.000000
    Blue                          : 0.654902
    Alpha                         : 1.000000
MaterialStartOffset           : 216
BoneCount                     : 0
Reserved                      : 21
ExtraData ------------------ NULL
--------------------------------------------------------------------------------
IGfVerts [ 23 / 28 ] (9072)
------------------------------.
Point --------------------------.
   -1.000000, 1.000000, 1.000000, 1.000000
Normal -------------------------.
   0.000000, 1.000000, 0.000000, 1.000000
ValidUVsCount                 : 1
UV00 ---------------------------.
  U                             : 0.0
  V                             : 1.0
Color --------------------------.
    Red                           : 0.337255
    Green                         : 1.000000
    Blue                          : 0.666667
    Alpha                         : 1.000000
MaterialStartOffset           : 216
BoneCount                     : 0
Reserved                      : 22
ExtraData ------------------ NULL
--------------------------------------------------------------------------------
IGfVerts [ 24 / 28 ] (9312)
------------------------------.
Point --------------------------.
   -1.000000, 1.000000, -1.000000, 1.000000
Normal -------------------------.
   0.000000, 1.000000, 0.000000, 1.000000
ValidUVsCount                 : 1
UV00 ---------------------------.
  U                             : 1.0
  V                             : 1.0
Color --------------------------.
    Red                           : 0.325490
    Green                         : 1.000000
    Blue                          : 0.658824
    Alpha                         : 1.000000
MaterialStartOffset           : 216
BoneCount                     : 0
Reserved                      : 23
ExtraData ------------------ NULL
--------------------------------------------------------------------------------
IGfVerts [ 25 / 28 ] (9552)
------------------------------.
Point --------------------------.
   -0.255615, 1.603904, -1.000000, 1.000000
Normal -------------------------.
   -1.000000, 0.000000, 0.000000, 1.000000
ValidUVsCount                 : 1
UV00 ---------------------------.
  U                             : 0.0
  V                             : 1.0
Color --------------------------.
    Red                           : 1.000000
    Green                         : 1.000000
    Blue                          : 1.000000
    Alpha                         : 1.000000
MaterialStartOffset           : 2004
BoneCount                     : 0
Reserved                      : 24
ExtraData ------------------ NULL
--------------------------------------------------------------------------------
IGfVerts [ 26 / 28 ] (9792)
------------------------------.
Point --------------------------.
   -0.255615, 1.603904, 1.000000, 1.000000
Normal -------------------------.
   -1.000000, 0.000000, 0.000000, 1.000000
ValidUVsCount                 : 1
UV00 ---------------------------.
  U                             : 1.0
  V                             : 1.0
Color --------------------------.
    Red                           : 1.000000
    Green                         : 1.000000
    Blue                          : 1.000000
    Alpha                         : 1.000000
MaterialStartOffset           : 2004
BoneCount                     : 0
Reserved                      : 25
ExtraData ------------------ NULL
--------------------------------------------------------------------------------
IGfVerts [ 27 / 28 ] (10032)
------------------------------.
Point --------------------------.
   -0.255615, -0.396096, 1.000000, 1.000000
Normal -------------------------.
   -1.000000, 0.000000, 0.000000, 1.000000
ValidUVsCount                 : 1
UV00 ---------------------------.
  U                             : 1.0
  V                             : 0.0
Color --------------------------.
    Red                           : 1.000000
    Green                         : 1.000000
    Blue                          : 1.000000
    Alpha                         : 1.000000
MaterialStartOffset           : 2004
BoneCount                     : 0
Reserved                      : 26
ExtraData ------------------ NULL
--------------------------------------------------------------------------------
IGfVerts [ 28 / 28 ] (10272)
------------------------------.
Point --------------------------.
   -0.255615, -0.396096, -1.000000, 1.000000
Normal -------------------------.
   -1.000000, 0.000000, 0.000000, 1.000000
ValidUVsCount                 : 1
UV00 ---------------------------.
  U                             : 0.0
  V                             : 0.0
Color --------------------------.
    Red                           : 1.000000
    Green                         : 1.000000
    Blue                          : 1.000000
    Alpha                         : 1.000000
MaterialStartOffset           : 2004
BoneCount                     : 0
Reserved                      : 27
ExtraData ------------------ NULL
================================================================================
IGfTriangles                  : [ 14 ]
--------------------------------------------------------------------------------
IGfTriangles [ 1 / 14 ] (10512)
------------------------------.
Vertex0                       : 3792
Vertex1                       : 4032
Vertex2                       : 4272
Normal -------------------------.
   -1.000000, -0.000000, 0.000000, 1.000000
HiddenEdges                   : V2 V0
MaterialStartOffset           : 216
SMGroup                       : 1
TagID                         : 0
ExtraData ------------------ NULL
--------------------------------------------------------------------------------
IGfTriangles [ 2 / 14 ] (10604)
------------------------------.
Vertex0                       : 3792
Vertex1                       : 4272
Vertex2                       : 4512
Normal -------------------------.
   -1.000000, -0.000000, 0.000000, 1.000000
HiddenEdges                   : V0 V1
MaterialStartOffset           : 216
SMGroup                       : 1
TagID                         : 0
ExtraData ------------------ NULL
--------------------------------------------------------------------------------
IGfTriangles [ 3 / 14 ] (10696)
------------------------------.
Vertex0                       : 4752
Vertex1                       : 4992
Vertex2                       : 5232
Normal -------------------------.
   0.000000, -0.000000, 1.000000, 1.000000
HiddenEdges                   : V2 V0
MaterialStartOffset           : 216
SMGroup                       : 1
TagID                         : 0
ExtraData ------------------ NULL
--------------------------------------------------------------------------------
IGfTriangles [ 4 / 14 ] (10788)
------------------------------.
Vertex0                       : 4752
Vertex1                       : 5232
Vertex2                       : 5472
Normal -------------------------.
   0.000000, -0.000000, 1.000000, 1.000000
HiddenEdges                   : V0 V1
MaterialStartOffset           : 216
SMGroup                       : 1
TagID                         : 0
ExtraData ------------------ NULL
--------------------------------------------------------------------------------
IGfTriangles [ 5 / 14 ] (10880)
------------------------------.
Vertex0                       : 5712
Vertex1                       : 5952
Vertex2                       : 6192
Normal -------------------------.
   1.000000, -0.000000, 0.000000, 1.000000
HiddenEdges                   : V2 V0
MaterialStartOffset           : 216
SMGroup                       : 1
TagID                         : 0
ExtraData ------------------ NULL
--------------------------------------------------------------------------------
IGfTriangles [ 6 / 14 ] (10972)
------------------------------.
Vertex0                       : 5712
Vertex1                       : 6192
Vertex2                       : 6432
Normal -------------------------.
   1.000000, -0.000000, 0.000000, 1.000000
HiddenEdges                   : V0 V1
MaterialStartOffset           : 216
SMGroup                       : 1
TagID                         : 0
ExtraData ------------------ NULL
--------------------------------------------------------------------------------
IGfTriangles [ 7 / 14 ] (11064)
------------------------------.
Vertex0                       : 6672
Vertex1                       : 6912
Vertex2                       : 7152
Normal -------------------------.
   0.000000, -0.000000, -1.000000, 1.000000
HiddenEdges                   : V2 V0
MaterialStartOffset           : 216
SMGroup                       : 1
TagID                         : 0
ExtraData ------------------ NULL
--------------------------------------------------------------------------------
IGfTriangles [ 8 / 14 ] (11156)
------------------------------.
Vertex0                       : 6672
Vertex1                       : 7152
Vertex2                       : 7392
Normal -------------------------.
   0.000000, -0.000000, -1.000000, 1.000000
HiddenEdges                   : V0 V1
MaterialStartOffset           : 216
SMGroup                       : 1
TagID                         : 0
ExtraData ------------------ NULL
--------------------------------------------------------------------------------
IGfTriangles [ 9 / 14 ] (11248)
------------------------------.
Vertex0                       : 7632
Vertex1                       : 7872
Vertex2                       : 8112
Normal -------------------------.
   0.000000, -1.000000, 0.000000, 1.000000
HiddenEdges                   : V2 V0
MaterialStartOffset           : 216
SMGroup                       : 1
TagID                         : 0
ExtraData ------------------ NULL
--------------------------------------------------------------------------------
IGfTriangles [ 10 / 14 ] (11340)
------------------------------.
Vertex0                       : 7632
Vertex1                       : 8112
Vertex2                       : 8352
Normal -------------------------.
   0.000000, -1.000000, 0.000000, 1.000000
HiddenEdges                   : V0 V1
MaterialStartOffset           : 216
SMGroup                       : 1
TagID                         : 0
ExtraData ------------------ NULL
--------------------------------------------------------------------------------
IGfTriangles [ 11 / 14 ] (11432)
------------------------------.
Vertex0                       : 8592
Vertex1                       : 8832
Vertex2                       : 9072
Normal -------------------------.
   0.000000, 1.000000, 0.000000, 1.000000
HiddenEdges                   : V2 V0
MaterialStartOffset           : 216
SMGroup                       : 1
TagID                         : 0
ExtraData ------------------ NULL
--------------------------------------------------------------------------------
IGfTriangles [ 12 / 14 ] (11524)
------------------------------.
Vertex0                       : 8592
Vertex1                       : 9072
Vertex2                       : 9312
Normal -------------------------.
   0.000000, 1.000000, 0.000000, 1.000000
HiddenEdges                   : V0 V1
MaterialStartOffset           : 216
SMGroup                       : 1
TagID                         : 0
ExtraData ------------------ NULL
--------------------------------------------------------------------------------
IGfTriangles [ 13 / 14 ] (11616)
------------------------------.
Vertex0                       : 9552
Vertex1                       : 9792
Vertex2                       : 10032
Normal -------------------------.
   -1.000000, 0.000000, 0.000000, 1.000000
HiddenEdges                   : 0
MaterialStartOffset           : 2004
SMGroup                       : 1
TagID                         : 0
ExtraData ------------------ NULL
--------------------------------------------------------------------------------
IGfTriangles [ 14 / 14 ] (11708)
------------------------------.
Vertex0                       : 9552
Vertex1                       : 10032
Vertex2                       : 10272
Normal -------------------------.
   -1.000000, 0.000000, 0.000000, 1.000000
HiddenEdges                   : 0
MaterialStartOffset           : 2004
SMGroup                       : 1
TagID                         : 0
ExtraData ------------------ NULL
================================================================================
IGfMeshes                     : [ 2 ]
--------------------------------------------------------------------------------
IGfMeshes [ 1 / 2 ] (11800)
------------------------------.
IsSkinned                     : 0
VerticesCount                 : 24
VerticesStartOffset           : 3792
TrianglesCount                : 12
TrianglesStartOffset          : 10512
BoundingBox --------------------.
  LowerLeftPointX               : -1.000000
  LowerLeftPointY               : -1.000000
  LowerLeftPointZ               : -1.000000
  LowerLeftPointScale           : 1.000000
  UpperRightPointX              : 1.000000
  UpperRightPointY              : 1.000000
  UpperRightPointZ              : 2.405195
  UpperRightPointScale          : 1.000000
ExtraData ------------------ NULL
--------------------------------------------------------------------------------
IGfMeshes [ 2 / 2 ] (11900)
------------------------------.
IsSkinned                     : 0
VerticesCount                 : 4
VerticesStartOffset           : 9552
TrianglesCount                : 2
TrianglesStartOffset          : 11616
BoundingBox --------------------.
  LowerLeftPointX               : -0.853716
  LowerLeftPointY               : -0.853716
  LowerLeftPointZ               : -0.853716
  LowerLeftPointScale           : 1.000000
  UpperRightPointX              : 0.000000
  UpperRightPointY              : 2.379984
  UpperRightPointZ              : 2.601565
  UpperRightPointScale          : 1.000000
ExtraData ------------------ NULL
================================================================================
IGfMeshLODs                   : [ 2 ]
--------------------------------------------------------------------------------
IGfMeshLODs [ 1 / 2 ] (12000)
------------------------------.
VisibleDistance               : 1000.000000
MeshListStartOffset           : 11800
ExtraData ------------------ NULL
--------------------------------------------------------------------------------
IGfMeshLODs [ 2 / 2 ] (12056)
------------------------------.
VisibleDistance               : 1000.000000
MeshListStartOffset           : 11900
ExtraData ------------------ NULL
================================================================================
IGfObjects                    : [ 2 ]
--------------------------------------------------------------------------------
IGfObjects [ 1 / 2 ] (12112)
------------------------------.
Name                          : '1_1000_BiDuLe'
NameUniqueID                  : 0
MeshLODCount                  : 1
MeshLODListStartOffset        : 12000
TM -----------------------------.
      1.000000   0.000000   0.000000   0.000000
      0.000000   1.000000   0.000000   0.000000
      0.000000   0.000000   1.000000   0.000000
     -0.122961   2.405195   0.211694   1.000000
ParentStartOffset             : 0
ChildrenCount                 : 1
ChildStartOffset00            : 12112
ExtraData ------------------ NULL
--------------------------------------------------------------------------------
IGfObjects [ 2 / 2 ] (12372)
------------------------------.
Name                          : '1_1000_BiDuLe.001'
NameUniqueID                  : 1
MeshLODCount                  : 1
MeshLODListStartOffset        : 12056
TM -----------------------------.
      1.000000   0.000000   0.000000   0.000000
      0.000000   1.000000   0.000000   0.000000
      0.000000   0.000000   1.000000   0.000000
     -0.853716   2.601565   2.379984   1.000000
ParentStartOffset             : 0
ChildrenCount                 : 0
ExtraData ------------------ NULL
================================================================================
IGfBones                    : [ 0 ]
================================================================================
IGfGenericSceneItem           : [ 1 ]
--------------------------------------------------------------------------------
IGfGenericSceneItem [ 1 / 1 ] (12632)
------------------------------.
Name                          : 'sb_SnapInOut1'
NameUniqueID                  : 0
TM -----------------------------.
      1.000000   0.000000   0.000000   0.000000
      0.000000   1.000000   0.000000   0.000000
      0.000000   0.000000   1.000000   0.000000
      0.000000   3.408289   0.000000   1.000000
BoundingBox --------------------.
  LowerLeftPointX               : 0.000000
  LowerLeftPointY               : 0.000000
  LowerLeftPointZ               : 0.000000
  LowerLeftPointScale           : 1.000000
  UpperRightPointX              : 0.000000
  UpperRightPointY              : 0.000000
  UpperRightPointZ              : 0.000000
  UpperRightPointScale          : 1.000000
Parent                        : 12112
--------------------------------------------------------------------------------
IGGenericSceneData (12560)
------------------------------.
Type                          : '0'
mICustomParam                 : (0, 0, 0, 0)
mFCustomParam                 : (0.0, 0.0, 0.0, 0.0)
ExtraData ------------------ NULL
--------------------------------------------------------------------------------
================================================================================
IGfDataBlocks                 : [ 1 ]
--------------------------------------------------------------------------------
IGfDataBlocks [ 1 / 1 ] (12852)
------------------------------.
Name                          : 'Texture name table'
UniqueID                      : 2
DataStartOffset               : 44
DataSize                      : 0
--------------------------------------------------------------------------------
================================================================================
IGfTextureNames [ 1 ] (44)
------------------------------.
TextureNameListLength         : 72
TextureNameCount              : 2
--------------------------------------------------------------------------------
TextureNameStartOffsetList -----.
  TextureNameStartOffset[1] : 0
  TextureNameStartOffset[2] : 36
TextureNameList ----------------.
  TextureName[1]  : '..\..\..\Test\Scenery\Textures\Test'
  TextureName[2]  : '..\..\..\Test\Scenery\Textures\Test'
